Archive member included to satisfy reference by file (symbol)

/usr/local/Cellar/avr-gcc@9/9.4.0/lib/avr-gcc/9/gcc/avr/9.4.0/avr4/libgcc.a(_udivmodqi4.o)
                              main.o (__udivmodqi4)
/usr/local/Cellar/avr-gcc@9/9.4.0/lib/avr-gcc/9/gcc/avr/9.4.0/avr4/libgcc.a(_exit.o)
                              /usr/local/Cellar/avr-gcc@9/9.4.0/lib/avr-gcc/9/gcc/avr/9.4.0/../../../../../../avr/lib/avr4/crtatmega8a.o (exit)
/usr/local/Cellar/avr-gcc@9/9.4.0/lib/avr-gcc/9/gcc/avr/9.4.0/avr4/libgcc.a(_copy_data.o)
                              main.o (__do_copy_data)
/usr/local/Cellar/avr-gcc@9/9.4.0/lib/avr-gcc/9/gcc/avr/9.4.0/avr4/libgcc.a(_clear_bss.o)
                              main.o (__do_clear_bss)
/usr/local/Cellar/avr-gcc@9/9.4.0/lib/avr-gcc/9/gcc/avr/9.4.0/../../../../../../avr/lib/avr4/libc.a(calloc.o)
                              main.o (calloc)
/usr/local/Cellar/avr-gcc@9/9.4.0/lib/avr-gcc/9/gcc/avr/9.4.0/../../../../../../avr/lib/avr4/libc.a(malloc.o)
                              /usr/local/Cellar/avr-gcc@9/9.4.0/lib/avr-gcc/9/gcc/avr/9.4.0/../../../../../../avr/lib/avr4/libc.a(calloc.o) (malloc)
/usr/local/Cellar/avr-gcc@9/9.4.0/lib/avr-gcc/9/gcc/avr/9.4.0/../../../../../../avr/lib/avr4/libc.a(memset.o)
                              /usr/local/Cellar/avr-gcc@9/9.4.0/lib/avr-gcc/9/gcc/avr/9.4.0/../../../../../../avr/lib/avr4/libc.a(calloc.o) (memset)
/usr/local/Cellar/avr-gcc@9/9.4.0/lib/avr-gcc/9/gcc/avr/9.4.0/../../../../../../avr/lib/avr4/libatmega8a.a(eerd_byte.o)
                              main.o (eeprom_read_byte)
/usr/local/Cellar/avr-gcc@9/9.4.0/lib/avr-gcc/9/gcc/avr/9.4.0/../../../../../../avr/lib/avr4/libatmega8a.a(eewr_byte.o)
                              main.o (eeprom_write_byte)

Allocating common symbols
Common symbol       size              file

__brkval            0x2               /usr/local/Cellar/avr-gcc@9/9.4.0/lib/avr-gcc/9/gcc/avr/9.4.0/../../../../../../avr/lib/avr4/libc.a(malloc.o)
__flp               0x2               /usr/local/Cellar/avr-gcc@9/9.4.0/lib/avr-gcc/9/gcc/avr/9.4.0/../../../../../../avr/lib/avr4/libc.a(malloc.o)

Discarded input sections

 .data          0x00000000        0x0 /usr/local/Cellar/avr-gcc@9/9.4.0/lib/avr-gcc/9/gcc/avr/9.4.0/../../../../../../avr/lib/avr4/crtatmega8a.o
 .bss           0x00000000        0x0 /usr/local/Cellar/avr-gcc@9/9.4.0/lib/avr-gcc/9/gcc/avr/9.4.0/../../../../../../avr/lib/avr4/crtatmega8a.o
 .text          0x00000000        0x0 general_twi.o
 .data          0x00000000        0x0 general_twi.o
 .bss           0x00000000        0x0 general_twi.o
 .text.TWI_WRITE_BYTE
                0x00000000       0x70 general_twi.o
 .text.TWI_READ_BYTE
                0x00000000       0xa8 general_twi.o
 .text.TWI_READ_BULK
                0x00000000      0x104 general_twi.o
 .text.TWI_ERROR
                0x00000000        0x6 general_twi.o
 .text          0x00000000        0x0 main.o
 .data          0x00000000        0x0 main.o
 .bss           0x00000000        0x0 main.o
 .text.set_default
                0x00000000       0x12 main.o
 .text.deregister_midi_channel
                0x00000000       0x40 main.o
 .avr.prop      0x00000000       0x28 main.o
 .text          0x00000000        0x0 MAX5825.o
 .data          0x00000000        0x0 MAX5825.o
 .bss           0x00000000        0x0 MAX5825.o
 .text.test_max5825
                0x00000000       0x26 MAX5825.o
 .text.max5825_set_load_all
                0x00000000        0xe MAX5825.o
 .text          0x00000000        0x0 midi.o
 .data          0x00000000        0x0 midi.o
 .bss           0x00000000        0x0 midi.o
 .avr.prop      0x00000000       0x1f midi.o
 .text          0x00000000        0x0 /usr/local/Cellar/avr-gcc@9/9.4.0/lib/avr-gcc/9/gcc/avr/9.4.0/avr4/libgcc.a(_udivmodqi4.o)
 .data          0x00000000        0x0 /usr/local/Cellar/avr-gcc@9/9.4.0/lib/avr-gcc/9/gcc/avr/9.4.0/avr4/libgcc.a(_udivmodqi4.o)
 .bss           0x00000000        0x0 /usr/local/Cellar/avr-gcc@9/9.4.0/lib/avr-gcc/9/gcc/avr/9.4.0/avr4/libgcc.a(_udivmodqi4.o)
 .text.libgcc.mul
                0x00000000        0x0 /usr/local/Cellar/avr-gcc@9/9.4.0/lib/avr-gcc/9/gcc/avr/9.4.0/avr4/libgcc.a(_udivmodqi4.o)
 .text.libgcc   0x00000000        0x0 /usr/local/Cellar/avr-gcc@9/9.4.0/lib/avr-gcc/9/gcc/avr/9.4.0/avr4/libgcc.a(_udivmodqi4.o)
 .text.libgcc.prologue
                0x00000000        0x0 /usr/local/Cellar/avr-gcc@9/9.4.0/lib/avr-gcc/9/gcc/avr/9.4.0/avr4/libgcc.a(_udivmodqi4.o)
 .text.libgcc.builtins
                0x00000000        0x0 /usr/local/Cellar/avr-gcc@9/9.4.0/lib/avr-gcc/9/gcc/avr/9.4.0/avr4/libgcc.a(_udivmodqi4.o)
 .text.libgcc.fmul
                0x00000000        0x0 /usr/local/Cellar/avr-gcc@9/9.4.0/lib/avr-gcc/9/gcc/avr/9.4.0/avr4/libgcc.a(_udivmodqi4.o)
 .text.libgcc.fixed
                0x00000000        0x0 /usr/local/Cellar/avr-gcc@9/9.4.0/lib/avr-gcc/9/gcc/avr/9.4.0/avr4/libgcc.a(_udivmodqi4.o)
 .text          0x00000000        0x0 /usr/local/Cellar/avr-gcc@9/9.4.0/lib/avr-gcc/9/gcc/avr/9.4.0/avr4/libgcc.a(_exit.o)
 .data          0x00000000        0x0 /usr/local/Cellar/avr-gcc@9/9.4.0/lib/avr-gcc/9/gcc/avr/9.4.0/avr4/libgcc.a(_exit.o)
 .bss           0x00000000        0x0 /usr/local/Cellar/avr-gcc@9/9.4.0/lib/avr-gcc/9/gcc/avr/9.4.0/avr4/libgcc.a(_exit.o)
 .text.libgcc.mul
                0x00000000        0x0 /usr/local/Cellar/avr-gcc@9/9.4.0/lib/avr-gcc/9/gcc/avr/9.4.0/avr4/libgcc.a(_exit.o)
 .text.libgcc.div
                0x00000000        0x0 /usr/local/Cellar/avr-gcc@9/9.4.0/lib/avr-gcc/9/gcc/avr/9.4.0/avr4/libgcc.a(_exit.o)
 .text.libgcc   0x00000000        0x0 /usr/local/Cellar/avr-gcc@9/9.4.0/lib/avr-gcc/9/gcc/avr/9.4.0/avr4/libgcc.a(_exit.o)
 .text.libgcc.prologue
                0x00000000        0x0 /usr/local/Cellar/avr-gcc@9/9.4.0/lib/avr-gcc/9/gcc/avr/9.4.0/avr4/libgcc.a(_exit.o)
 .text.libgcc.builtins
                0x00000000        0x0 /usr/local/Cellar/avr-gcc@9/9.4.0/lib/avr-gcc/9/gcc/avr/9.4.0/avr4/libgcc.a(_exit.o)
 .text.libgcc.fmul
                0x00000000        0x0 /usr/local/Cellar/avr-gcc@9/9.4.0/lib/avr-gcc/9/gcc/avr/9.4.0/avr4/libgcc.a(_exit.o)
 .text.libgcc.fixed
                0x00000000        0x0 /usr/local/Cellar/avr-gcc@9/9.4.0/lib/avr-gcc/9/gcc/avr/9.4.0/avr4/libgcc.a(_exit.o)
 .text          0x00000000        0x0 /usr/local/Cellar/avr-gcc@9/9.4.0/lib/avr-gcc/9/gcc/avr/9.4.0/avr4/libgcc.a(_copy_data.o)
 .data          0x00000000        0x0 /usr/local/Cellar/avr-gcc@9/9.4.0/lib/avr-gcc/9/gcc/avr/9.4.0/avr4/libgcc.a(_copy_data.o)
 .bss           0x00000000        0x0 /usr/local/Cellar/avr-gcc@9/9.4.0/lib/avr-gcc/9/gcc/avr/9.4.0/avr4/libgcc.a(_copy_data.o)
 .text.libgcc.mul
                0x00000000        0x0 /usr/local/Cellar/avr-gcc@9/9.4.0/lib/avr-gcc/9/gcc/avr/9.4.0/avr4/libgcc.a(_copy_data.o)
 .text.libgcc.div
                0x00000000        0x0 /usr/local/Cellar/avr-gcc@9/9.4.0/lib/avr-gcc/9/gcc/avr/9.4.0/avr4/libgcc.a(_copy_data.o)
 .text.libgcc   0x00000000        0x0 /usr/local/Cellar/avr-gcc@9/9.4.0/lib/avr-gcc/9/gcc/avr/9.4.0/avr4/libgcc.a(_copy_data.o)
 .text.libgcc.prologue
                0x00000000        0x0 /usr/local/Cellar/avr-gcc@9/9.4.0/lib/avr-gcc/9/gcc/avr/9.4.0/avr4/libgcc.a(_copy_data.o)
 .text.libgcc.builtins
                0x00000000        0x0 /usr/local/Cellar/avr-gcc@9/9.4.0/lib/avr-gcc/9/gcc/avr/9.4.0/avr4/libgcc.a(_copy_data.o)
 .text.libgcc.fmul
                0x00000000        0x0 /usr/local/Cellar/avr-gcc@9/9.4.0/lib/avr-gcc/9/gcc/avr/9.4.0/avr4/libgcc.a(_copy_data.o)
 .text.libgcc.fixed
                0x00000000        0x0 /usr/local/Cellar/avr-gcc@9/9.4.0/lib/avr-gcc/9/gcc/avr/9.4.0/avr4/libgcc.a(_copy_data.o)
 .text          0x00000000        0x0 /usr/local/Cellar/avr-gcc@9/9.4.0/lib/avr-gcc/9/gcc/avr/9.4.0/avr4/libgcc.a(_clear_bss.o)
 .data          0x00000000        0x0 /usr/local/Cellar/avr-gcc@9/9.4.0/lib/avr-gcc/9/gcc/avr/9.4.0/avr4/libgcc.a(_clear_bss.o)
 .bss           0x00000000        0x0 /usr/local/Cellar/avr-gcc@9/9.4.0/lib/avr-gcc/9/gcc/avr/9.4.0/avr4/libgcc.a(_clear_bss.o)
 .text.libgcc.mul
                0x00000000        0x0 /usr/local/Cellar/avr-gcc@9/9.4.0/lib/avr-gcc/9/gcc/avr/9.4.0/avr4/libgcc.a(_clear_bss.o)
 .text.libgcc.div
                0x00000000        0x0 /usr/local/Cellar/avr-gcc@9/9.4.0/lib/avr-gcc/9/gcc/avr/9.4.0/avr4/libgcc.a(_clear_bss.o)
 .text.libgcc   0x00000000        0x0 /usr/local/Cellar/avr-gcc@9/9.4.0/lib/avr-gcc/9/gcc/avr/9.4.0/avr4/libgcc.a(_clear_bss.o)
 .text.libgcc.prologue
                0x00000000        0x0 /usr/local/Cellar/avr-gcc@9/9.4.0/lib/avr-gcc/9/gcc/avr/9.4.0/avr4/libgcc.a(_clear_bss.o)
 .text.libgcc.builtins
                0x00000000        0x0 /usr/local/Cellar/avr-gcc@9/9.4.0/lib/avr-gcc/9/gcc/avr/9.4.0/avr4/libgcc.a(_clear_bss.o)
 .text.libgcc.fmul
                0x00000000        0x0 /usr/local/Cellar/avr-gcc@9/9.4.0/lib/avr-gcc/9/gcc/avr/9.4.0/avr4/libgcc.a(_clear_bss.o)
 .text.libgcc.fixed
                0x00000000        0x0 /usr/local/Cellar/avr-gcc@9/9.4.0/lib/avr-gcc/9/gcc/avr/9.4.0/avr4/libgcc.a(_clear_bss.o)
 .text          0x00000000        0x0 /usr/local/Cellar/avr-gcc@9/9.4.0/lib/avr-gcc/9/gcc/avr/9.4.0/../../../../../../avr/lib/avr4/libc.a(calloc.o)
 .data          0x00000000        0x0 /usr/local/Cellar/avr-gcc@9/9.4.0/lib/avr-gcc/9/gcc/avr/9.4.0/../../../../../../avr/lib/avr4/libc.a(calloc.o)
 .bss           0x00000000        0x0 /usr/local/Cellar/avr-gcc@9/9.4.0/lib/avr-gcc/9/gcc/avr/9.4.0/../../../../../../avr/lib/avr4/libc.a(calloc.o)
 .text          0x00000000        0x0 /usr/local/Cellar/avr-gcc@9/9.4.0/lib/avr-gcc/9/gcc/avr/9.4.0/../../../../../../avr/lib/avr4/libc.a(malloc.o)
 .bss           0x00000000        0x0 /usr/local/Cellar/avr-gcc@9/9.4.0/lib/avr-gcc/9/gcc/avr/9.4.0/../../../../../../avr/lib/avr4/libc.a(malloc.o)
 .text          0x00000000        0x0 /usr/local/Cellar/avr-gcc@9/9.4.0/lib/avr-gcc/9/gcc/avr/9.4.0/../../../../../../avr/lib/avr4/libc.a(memset.o)
 .data          0x00000000        0x0 /usr/local/Cellar/avr-gcc@9/9.4.0/lib/avr-gcc/9/gcc/avr/9.4.0/../../../../../../avr/lib/avr4/libc.a(memset.o)
 .bss           0x00000000        0x0 /usr/local/Cellar/avr-gcc@9/9.4.0/lib/avr-gcc/9/gcc/avr/9.4.0/../../../../../../avr/lib/avr4/libc.a(memset.o)
 .text          0x00000000        0x0 /usr/local/Cellar/avr-gcc@9/9.4.0/lib/avr-gcc/9/gcc/avr/9.4.0/../../../../../../avr/lib/avr4/libatmega8a.a(eerd_byte.o)
 .data          0x00000000        0x0 /usr/local/Cellar/avr-gcc@9/9.4.0/lib/avr-gcc/9/gcc/avr/9.4.0/../../../../../../avr/lib/avr4/libatmega8a.a(eerd_byte.o)
 .bss           0x00000000        0x0 /usr/local/Cellar/avr-gcc@9/9.4.0/lib/avr-gcc/9/gcc/avr/9.4.0/../../../../../../avr/lib/avr4/libatmega8a.a(eerd_byte.o)
 .text          0x00000000        0x0 /usr/local/Cellar/avr-gcc@9/9.4.0/lib/avr-gcc/9/gcc/avr/9.4.0/../../../../../../avr/lib/avr4/libatmega8a.a(eewr_byte.o)
 .data          0x00000000        0x0 /usr/local/Cellar/avr-gcc@9/9.4.0/lib/avr-gcc/9/gcc/avr/9.4.0/../../../../../../avr/lib/avr4/libatmega8a.a(eewr_byte.o)
 .bss           0x00000000        0x0 /usr/local/Cellar/avr-gcc@9/9.4.0/lib/avr-gcc/9/gcc/avr/9.4.0/../../../../../../avr/lib/avr4/libatmega8a.a(eewr_byte.o)
 .text.avr-libc
                0x00000000       0x1a /usr/local/Cellar/avr-gcc@9/9.4.0/lib/avr-gcc/9/gcc/avr/9.4.0/../../../../../../avr/lib/avr4/libatmega8a.a(eewr_byte.o)

Memory Configuration

Name             Origin             Length             Attributes
text             0x00000000         0x00002000         xr
data             0x00800060         0x0000ffa0         rw!x
eeprom           0x00810000         0x00010000         rw!x
fuse             0x00820000         0x00000002         rw!x
lock             0x00830000         0x00000400         rw!x
signature        0x00840000         0x00000400         rw!x
user_signatures  0x00850000         0x00000400         rw!x
*default*        0x00000000         0xffffffff

Linker script and memory map

LOAD /usr/local/Cellar/avr-gcc@9/9.4.0/lib/avr-gcc/9/gcc/avr/9.4.0/../../../../../../avr/lib/avr4/crtatmega8a.o
LOAD general_twi.o
LOAD main.o
LOAD MAX5825.o
LOAD midi.o
START GROUP
LOAD /usr/local/Cellar/avr-gcc@9/9.4.0/lib/avr-gcc/9/gcc/avr/9.4.0/../../../../../../avr/lib/avr4/libm.a
END GROUP
START GROUP
LOAD /usr/local/Cellar/avr-gcc@9/9.4.0/lib/avr-gcc/9/gcc/avr/9.4.0/avr4/libgcc.a
LOAD /usr/local/Cellar/avr-gcc@9/9.4.0/lib/avr-gcc/9/gcc/avr/9.4.0/../../../../../../avr/lib/avr4/libm.a
LOAD /usr/local/Cellar/avr-gcc@9/9.4.0/lib/avr-gcc/9/gcc/avr/9.4.0/../../../../../../avr/lib/avr4/libc.a
LOAD /usr/local/Cellar/avr-gcc@9/9.4.0/lib/avr-gcc/9/gcc/avr/9.4.0/../../../../../../avr/lib/avr4/libatmega8a.a
END GROUP
                0x00002000                        __TEXT_REGION_LENGTH__ = DEFINED (__TEXT_REGION_LENGTH__)?__TEXT_REGION_LENGTH__:0x2000
                0x00800060                        __DATA_REGION_ORIGIN__ = DEFINED (__DATA_REGION_ORIGIN__)?__DATA_REGION_ORIGIN__:0x800060
                0x0000ffa0                        __DATA_REGION_LENGTH__ = DEFINED (__DATA_REGION_LENGTH__)?__DATA_REGION_LENGTH__:0xffa0
                0x00010000                        __EEPROM_REGION_LENGTH__ = DEFINED (__EEPROM_REGION_LENGTH__)?__EEPROM_REGION_LENGTH__:0x10000
                [0x00000002]                      __FUSE_REGION_LENGTH__ = DEFINED (__FUSE_REGION_LENGTH__)?__FUSE_REGION_LENGTH__:0x400
                0x00000400                        __LOCK_REGION_LENGTH__ = DEFINED (__LOCK_REGION_LENGTH__)?__LOCK_REGION_LENGTH__:0x400
                0x00000400                        __SIGNATURE_REGION_LENGTH__ = DEFINED (__SIGNATURE_REGION_LENGTH__)?__SIGNATURE_REGION_LENGTH__:0x400
                0x00000400                        __USER_SIGNATURE_REGION_LENGTH__ = DEFINED (__USER_SIGNATURE_REGION_LENGTH__)?__USER_SIGNATURE_REGION_LENGTH__:0x400

.hash
 *(.hash)

.dynsym
 *(.dynsym)

.dynstr
 *(.dynstr)

.gnu.version
 *(.gnu.version)

.gnu.version_d
 *(.gnu.version_d)

.gnu.version_r
 *(.gnu.version_r)

.rel.init
 *(.rel.init)

.rela.init
 *(.rela.init)

.rel.text
 *(.rel.text)
 *(.rel.text.*)
 *(.rel.gnu.linkonce.t*)

.rela.text
 *(.rela.text)
 *(.rela.text.*)
 *(.rela.gnu.linkonce.t*)

.rel.fini
 *(.rel.fini)

.rela.fini
 *(.rela.fini)

.rel.rodata
 *(.rel.rodata)
 *(.rel.rodata.*)
 *(.rel.gnu.linkonce.r*)

.rela.rodata
 *(.rela.rodata)
 *(.rela.rodata.*)
 *(.rela.gnu.linkonce.r*)

.rel.data
 *(.rel.data)
 *(.rel.data.*)
 *(.rel.gnu.linkonce.d*)

.rela.data
 *(.rela.data)
 *(.rela.data.*)
 *(.rela.gnu.linkonce.d*)

.rel.ctors
 *(.rel.ctors)

.rela.ctors
 *(.rela.ctors)

.rel.dtors
 *(.rel.dtors)

.rela.dtors
 *(.rela.dtors)

.rel.got
 *(.rel.got)

.rela.got
 *(.rela.got)

.rel.bss
 *(.rel.bss)

.rela.bss
 *(.rela.bss)

.rel.plt
 *(.rel.plt)

.rela.plt
 *(.rela.plt)

.text           0x00000000     0x100a
 *(.vectors)
 .vectors       0x00000000       0x26 /usr/local/Cellar/avr-gcc@9/9.4.0/lib/avr-gcc/9/gcc/avr/9.4.0/../../../../../../avr/lib/avr4/crtatmega8a.o
                0x00000000                __vectors
                0x00000000                __vector_default
 *(.vectors)
 *(.progmem.gcc*)
                0x00000026                        . = ALIGN (0x2)
                0x00000026                        __trampolines_start = .
 *(.trampolines)
 .trampolines   0x00000026        0x0 linker stubs
 *(.trampolines*)
                0x00000026                        __trampolines_end = .
 *libprintf_flt.a:*(.progmem.data)
 *libc.a:*(.progmem.data)
 *(.progmem.*)
                0x00000026                        . = ALIGN (0x2)
 *(.lowtext)
 *(.lowtext*)
                0x00000026                        __ctors_start = .
 *(.ctors)
                0x00000026                        __ctors_end = .
                0x00000026                        __dtors_start = .
 *(.dtors)
                0x00000026                        __dtors_end = .
 SORT_BY_NAME(*)(.ctors)
 SORT_BY_NAME(*)(.dtors)
 *(.init0)
 .init0         0x00000026        0x0 /usr/local/Cellar/avr-gcc@9/9.4.0/lib/avr-gcc/9/gcc/avr/9.4.0/../../../../../../avr/lib/avr4/crtatmega8a.o
                0x00000026                __init
 *(.init0)
 *(.init1)
 *(.init1)
 *(.init2)
 .init2         0x00000026        0xc /usr/local/Cellar/avr-gcc@9/9.4.0/lib/avr-gcc/9/gcc/avr/9.4.0/../../../../../../avr/lib/avr4/crtatmega8a.o
 *(.init2)
 *(.init3)
 *(.init3)
 *(.init4)
 .init4         0x00000032       0x16 /usr/local/Cellar/avr-gcc@9/9.4.0/lib/avr-gcc/9/gcc/avr/9.4.0/avr4/libgcc.a(_copy_data.o)
                0x00000032                __do_copy_data
 .init4         0x00000048       0x10 /usr/local/Cellar/avr-gcc@9/9.4.0/lib/avr-gcc/9/gcc/avr/9.4.0/avr4/libgcc.a(_clear_bss.o)
                0x00000048                __do_clear_bss
 *(.init4)
 *(.init5)
 *(.init5)
 *(.init6)
 *(.init6)
 *(.init7)
 *(.init7)
 *(.init8)
 *(.init8)
 *(.init9)
 .init9         0x00000058        0x4 /usr/local/Cellar/avr-gcc@9/9.4.0/lib/avr-gcc/9/gcc/avr/9.4.0/../../../../../../avr/lib/avr4/crtatmega8a.o
 *(.init9)
 *(.text)
 .text          0x0000005c        0x2 /usr/local/Cellar/avr-gcc@9/9.4.0/lib/avr-gcc/9/gcc/avr/9.4.0/../../../../../../avr/lib/avr4/crtatmega8a.o
                0x0000005c                __vector_18
                0x0000005c                __vector_12
                0x0000005c                __bad_interrupt
                0x0000005c                __vector_3
                0x0000005c                __vector_13
                0x0000005c                __vector_17
                0x0000005c                __vector_7
                0x0000005c                __vector_5
                0x0000005c                __vector_4
                0x0000005c                __vector_9
                0x0000005c                __vector_2
                0x0000005c                __vector_15
                0x0000005c                __vector_8
                0x0000005c                __vector_14
                0x0000005c                __vector_10
                0x0000005c                __vector_16
                0x0000005c                __vector_1
                0x0000005e                        . = ALIGN (0x2)
 *(.text.*)
 .text.TWI_WRITE_BULK
                0x0000005e       0x9e general_twi.o
                0x0000005e                TWI_WRITE_BULK
 .text.set_pin_inv
                0x000000fc       0x2e main.o
                0x000000fc                set_pin_inv
 .text.clear_pin_inv
                0x0000012a       0x2e main.o
                0x0000012a                clear_pin_inv
 .text.note_off
                0x00000158       0x46 main.o
                0x00000158                note_off
 .text.cont     0x0000019e       0x16 main.o
                0x0000019e                cont
 .text.note_on  0x000001b4       0x8c main.o
                0x000001b4                note_on
 .text.tram8_init
                0x00000240       0x74 main.o
                0x00000240                tram8_init
 .text.__vector_6
                0x000002b4       0x9a main.o
                0x000002b4                __vector_6
 .text.__vector_11
                0x0000034e       0x48 main.o
                0x0000034e                __vector_11
 .text.set_LED  0x00000396        0xc main.o
                0x00000396                set_LED
 .text.tram8_cfg
                0x000003a2       0xb8 main.o
                0x000003a2                tram8_cfg
 .text.start_timer1
                0x0000045a       0x1e main.o
                0x0000045a                start_timer1
 .text.clock    0x00000478       0x9c main.o
                0x00000478                clock
 .text.run      0x00000514       0x1e main.o
                0x00000514                run
 .text.stop     0x00000532       0x2a main.o
                0x00000532                stop
 .text.register_midi_channel
                0x0000055c       0x98 main.o
                0x0000055c                register_midi_channel
 .text.register_funcs
                0x000005f4       0x74 main.o
                0x000005f4                register_funcs
 .text.main     0x00000668       0x6e main.o
                0x00000668                main
 .text.init_max5825
                0x000006d6       0x34 MAX5825.o
                0x000006d6                init_max5825
 .text.max5825_set_load_channel
                0x0000070a       0x2c MAX5825.o
                0x0000070a                max5825_set_load_channel
 .text.null_event_cb
                0x00000736        0x2 midi.o
 .text.midi_init
                0x00000738       0x1a midi.o
                0x00000738                midi_init
 .text.midi_register_event_handler
                0x00000752       0x30 midi.o
                0x00000752                midi_register_event_handler
 .text.midi_receive_byte
                0x00000782      0x582 midi.o
                0x00000782                midi_receive_byte
 .text.libgcc.div
                0x00000d04       0x18 /usr/local/Cellar/avr-gcc@9/9.4.0/lib/avr-gcc/9/gcc/avr/9.4.0/avr4/libgcc.a(_udivmodqi4.o)
                0x00000d04                __udivmodqi4
 .text.avr-libc
                0x00000d1c       0x34 /usr/local/Cellar/avr-gcc@9/9.4.0/lib/avr-gcc/9/gcc/avr/9.4.0/../../../../../../avr/lib/avr4/libc.a(calloc.o)
                0x00000d1c                calloc
 .text.avr-libc
                0x00000d50      0x250 /usr/local/Cellar/avr-gcc@9/9.4.0/lib/avr-gcc/9/gcc/avr/9.4.0/../../../../../../avr/lib/avr4/libc.a(malloc.o)
                0x00000d50                malloc
                0x00000e7c                free
 .text.avr-libc
                0x00000fa0        0xe /usr/local/Cellar/avr-gcc@9/9.4.0/lib/avr-gcc/9/gcc/avr/9.4.0/../../../../../../avr/lib/avr4/libc.a(memset.o)
                0x00000fa0                memset
 .text.avr-libc
                0x00000fae       0x10 /usr/local/Cellar/avr-gcc@9/9.4.0/lib/avr-gcc/9/gcc/avr/9.4.0/../../../../../../avr/lib/avr4/libatmega8a.a(eerd_byte.o)
                0x00000fae                eeprom_read_byte
                0x00000fbe                        . = ALIGN (0x2)
 *(.fini9)
 .fini9         0x00000fbe        0x0 /usr/local/Cellar/avr-gcc@9/9.4.0/lib/avr-gcc/9/gcc/avr/9.4.0/avr4/libgcc.a(_exit.o)
                0x00000fbe                exit
                0x00000fbe                _exit
 *(.fini9)
 *(.fini8)
 *(.fini8)
 *(.fini7)
 *(.fini7)
 *(.fini6)
 *(.fini6)
 *(.fini5)
 *(.fini5)
 *(.fini4)
 *(.fini4)
 *(.fini3)
 *(.fini3)
 *(.fini2)
 *(.fini2)
 *(.fini1)
 *(.fini1)
 *(.fini0)
 .fini0         0x00000fbe        0x4 /usr/local/Cellar/avr-gcc@9/9.4.0/lib/avr-gcc/9/gcc/avr/9.4.0/avr4/libgcc.a(_exit.o)
 *(.fini0)
 *(.hightext)
 *(.hightext*)
 *(.progmemx.*)
                0x00000fc2                        . = ALIGN (0x2)
 *(.jumptables)
 *(.jumptables*)
 .jumptables.gcc.set_pin_inv
                0x00000fc2       0x10 main.o
 .jumptables.gcc.clear_pin_inv
                0x00000fd2       0x10 main.o
 .jumptables.gcc.midi_receive_byte
                0x00000fe2       0x28 midi.o
                0x0000100a                        _etext = .

.data           0x00800060       0x86 load address 0x0000100a
                0x00800060                        PROVIDE (__data_start = .)
 *(.data)
 .data          0x00800060        0x6 /usr/local/Cellar/avr-gcc@9/9.4.0/lib/avr-gcc/9/gcc/avr/9.4.0/../../../../../../avr/lib/avr4/libc.a(malloc.o)
                0x00800060                __malloc_heap_end
                0x00800062                __malloc_heap_start
                0x00800064                __malloc_margin
 *(.data*)
 .data.learn_button.2374
                0x00800066        0x1 main.o
 .data.clear_pin_ptr
                0x00800067        0x2 main.o
                0x00800067                clear_pin_ptr
 .data.set_pin_ptr
                0x00800069        0x2 main.o
                0x00800069                set_pin_ptr
 .data.hw_slots
                0x0080006b        0x1 main.o
                0x0080006b                hw_slots
 .data.voct_lookup
                0x0080006c       0x7a main.o
                0x0080006c                voct_lookup
 *(.gnu.linkonce.d*)
 *(.rodata)
 *(.rodata*)
 *(.gnu.linkonce.r*)
                0x008000e6                        . = ALIGN (0x2)
                0x008000e6                        _edata = .
                0x008000e6                        PROVIDE (__data_end = .)

.bss            0x008000e6       0x58
                0x008000e6                        PROVIDE (__bss_start = .)
 *(.bss)
 *(.bss*)
 .bss.button_last.2377
                0x008000e6        0x1 main.o
 .bss.button_bounce.2376
                0x008000e7        0x1 main.o
 .bss.clk_stop_pulse
                0x008000e8        0x1 main.o
                0x008000e8                clk_stop_pulse
 .bss.midi_clock_run
                0x008000e9        0x1 main.o
                0x008000e9                midi_clock_run
 .bss.midi_clock_cntr
                0x008000ea        0x1 main.o
                0x008000ea                midi_clock_cntr
 .bss.midi_clock_tick_cntr
                0x008000eb        0x1 main.o
                0x008000eb                midi_clock_tick_cntr
 .bss.pulse_reset_flag
                0x008000ec        0x8 main.o
                0x008000ec                pulse_reset_flag
 .bss.active_chan
                0x008000f4       0x20 main.o
                0x008000f4                active_chan
 .bss.g_callbacks
                0x00800114       0x1e midi.o
 .bss.g_message_counter
                0x00800132        0x4 midi.o
 .bss.g_data_byte_two
                0x00800136        0x1 midi.o
 .bss.g_data_byte_one
                0x00800137        0x1 midi.o
 .bss.g_current_channel
                0x00800138        0x1 midi.o
 .bss.g_state   0x00800139        0x1 midi.o
 *(COMMON)
 COMMON         0x0080013a        0x4 /usr/local/Cellar/avr-gcc@9/9.4.0/lib/avr-gcc/9/gcc/avr/9.4.0/../../../../../../avr/lib/avr4/libc.a(malloc.o)
                0x0080013a                __brkval
                0x0080013c                __flp
                0x0080013e                        PROVIDE (__bss_end = .)
                0x0000100a                        __data_load_start = LOADADDR (.data)
                0x00001090                        __data_load_end = (__data_load_start + SIZEOF (.data))

.noinit         0x0080013e        0x0
                [!provide]                        PROVIDE (__noinit_start = .)
 *(.noinit .noinit.* .gnu.linkonce.n.*)
                [!provide]                        PROVIDE (__noinit_end = .)
                0x0080013e                        _end = .
                0x0080013e                        PROVIDE (__heap_start = .)

.eeprom         0x00810000        0x0
 *(.eeprom*)
                0x00810000                        __eeprom_end = .

.fuse
 *(.fuse)
 *(.lfuse)
 *(.hfuse)
 *(.efuse)

.lock
 *(.lock*)

.signature
 *(.signature*)

.stab
 *(.stab)

.stabstr
 *(.stabstr)

.stab.excl
 *(.stab.excl)

.stab.exclstr
 *(.stab.exclstr)

.stab.index
 *(.stab.index)

.stab.indexstr
 *(.stab.indexstr)

.comment        0x00000000       0x24
 *(.comment)
 .comment       0x00000000       0x24 general_twi.o
                                 0x25 (size before relaxing)
 .comment       0x00000024       0x25 main.o
 .comment       0x00000024       0x25 MAX5825.o
 .comment       0x00000024       0x25 midi.o
 .comment       0x00000024       0x25 /usr/local/Cellar/avr-gcc@9/9.4.0/lib/avr-gcc/9/gcc/avr/9.4.0/../../../../../../avr/lib/avr4/libc.a(calloc.o)
 .comment       0x00000024       0x25 /usr/local/Cellar/avr-gcc@9/9.4.0/lib/avr-gcc/9/gcc/avr/9.4.0/../../../../../../avr/lib/avr4/libc.a(malloc.o)

.note.gnu.avr.deviceinfo
                0x00000000       0x3c
 .note.gnu.avr.deviceinfo
                0x00000000       0x3c /usr/local/Cellar/avr-gcc@9/9.4.0/lib/avr-gcc/9/gcc/avr/9.4.0/../../../../../../avr/lib/avr4/crtatmega8a.o

.note.gnu.build-id
 *(.note.gnu.build-id)

.debug
 *(.debug)

.line
 *(.line)

.debug_srcinfo
 *(.debug_srcinfo)

.debug_sfnames
 *(.debug_sfnames)

.debug_aranges  0x00000000      0x1e0
 *(.debug_aranges)
 .debug_aranges
                0x00000000       0x40 general_twi.o
 .debug_aranges
                0x00000040       0xb0 main.o
 .debug_aranges
                0x000000f0       0x38 MAX5825.o
 .debug_aranges
                0x00000128       0x38 midi.o
 .debug_aranges
                0x00000160       0x20 /usr/local/Cellar/avr-gcc@9/9.4.0/lib/avr-gcc/9/gcc/avr/9.4.0/avr4/libgcc.a(_udivmodqi4.o)
 .debug_aranges
                0x00000180       0x20 /usr/local/Cellar/avr-gcc@9/9.4.0/lib/avr-gcc/9/gcc/avr/9.4.0/avr4/libgcc.a(_exit.o)
 .debug_aranges
                0x000001a0       0x20 /usr/local/Cellar/avr-gcc@9/9.4.0/lib/avr-gcc/9/gcc/avr/9.4.0/avr4/libgcc.a(_copy_data.o)
 .debug_aranges
                0x000001c0       0x20 /usr/local/Cellar/avr-gcc@9/9.4.0/lib/avr-gcc/9/gcc/avr/9.4.0/avr4/libgcc.a(_clear_bss.o)

.debug_pubnames
 *(.debug_pubnames)

.debug_info     0x00000000     0x22f4
 *(.debug_info .gnu.linkonce.wi.*)
 .debug_info    0x00000000      0x48c /usr/local/Cellar/avr-gcc@9/9.4.0/lib/avr-gcc/9/gcc/avr/9.4.0/../../../../../../avr/lib/avr4/crtatmega8a.o
 .debug_info    0x0000048c      0x3e9 general_twi.o
 .debug_info    0x00000875      0xefd main.o
 .debug_info    0x00001772      0x40e MAX5825.o
 .debug_info    0x00001b80      0x6dc midi.o
 .debug_info    0x0000225c       0x26 /usr/local/Cellar/avr-gcc@9/9.4.0/lib/avr-gcc/9/gcc/avr/9.4.0/avr4/libgcc.a(_udivmodqi4.o)
 .debug_info    0x00002282       0x26 /usr/local/Cellar/avr-gcc@9/9.4.0/lib/avr-gcc/9/gcc/avr/9.4.0/avr4/libgcc.a(_exit.o)
 .debug_info    0x000022a8       0x26 /usr/local/Cellar/avr-gcc@9/9.4.0/lib/avr-gcc/9/gcc/avr/9.4.0/avr4/libgcc.a(_copy_data.o)
 .debug_info    0x000022ce       0x26 /usr/local/Cellar/avr-gcc@9/9.4.0/lib/avr-gcc/9/gcc/avr/9.4.0/avr4/libgcc.a(_clear_bss.o)

.debug_abbrev   0x00000000      0xe9a
 *(.debug_abbrev)
 .debug_abbrev  0x00000000      0x44e /usr/local/Cellar/avr-gcc@9/9.4.0/lib/avr-gcc/9/gcc/avr/9.4.0/../../../../../../avr/lib/avr4/crtatmega8a.o
 .debug_abbrev  0x0000044e      0x1f5 general_twi.o
 .debug_abbrev  0x00000643      0x399 main.o
 .debug_abbrev  0x000009dc      0x1b8 MAX5825.o
 .debug_abbrev  0x00000b94      0x2b6 midi.o
 .debug_abbrev  0x00000e4a       0x14 /usr/local/Cellar/avr-gcc@9/9.4.0/lib/avr-gcc/9/gcc/avr/9.4.0/avr4/libgcc.a(_udivmodqi4.o)
 .debug_abbrev  0x00000e5e       0x14 /usr/local/Cellar/avr-gcc@9/9.4.0/lib/avr-gcc/9/gcc/avr/9.4.0/avr4/libgcc.a(_exit.o)
 .debug_abbrev  0x00000e72       0x14 /usr/local/Cellar/avr-gcc@9/9.4.0/lib/avr-gcc/9/gcc/avr/9.4.0/avr4/libgcc.a(_copy_data.o)
 .debug_abbrev  0x00000e86       0x14 /usr/local/Cellar/avr-gcc@9/9.4.0/lib/avr-gcc/9/gcc/avr/9.4.0/avr4/libgcc.a(_clear_bss.o)

.debug_line     0x00000000     0x3112
 *(.debug_line .debug_line.* .debug_line_end)
 .debug_line    0x00000000       0x1d /usr/local/Cellar/avr-gcc@9/9.4.0/lib/avr-gcc/9/gcc/avr/9.4.0/../../../../../../avr/lib/avr4/crtatmega8a.o
 .debug_line    0x0000001d      0xe3e general_twi.o
 .debug_line    0x00000e5b     0x1292 main.o
 .debug_line    0x000020ed      0x1de MAX5825.o
 .debug_line    0x000022cb      0xc2d midi.o
 .debug_line    0x00002ef8       0x9d /usr/local/Cellar/avr-gcc@9/9.4.0/lib/avr-gcc/9/gcc/avr/9.4.0/avr4/libgcc.a(_udivmodqi4.o)
 .debug_line    0x00002f95       0x61 /usr/local/Cellar/avr-gcc@9/9.4.0/lib/avr-gcc/9/gcc/avr/9.4.0/avr4/libgcc.a(_exit.o)
 .debug_line    0x00002ff6       0x97 /usr/local/Cellar/avr-gcc@9/9.4.0/lib/avr-gcc/9/gcc/avr/9.4.0/avr4/libgcc.a(_copy_data.o)
 .debug_line    0x0000308d       0x85 /usr/local/Cellar/avr-gcc@9/9.4.0/lib/avr-gcc/9/gcc/avr/9.4.0/avr4/libgcc.a(_clear_bss.o)

.debug_frame    0x00000000      0x36c
 *(.debug_frame)
 .debug_frame   0x00000000       0x64 general_twi.o
 .debug_frame   0x00000064      0x230 main.o
 .debug_frame   0x00000294       0x84 MAX5825.o
 .debug_frame   0x00000318       0x54 midi.o

.debug_str      0x00000000      0xd10
 *(.debug_str)
 .debug_str     0x00000000      0x17a /usr/local/Cellar/avr-gcc@9/9.4.0/lib/avr-gcc/9/gcc/avr/9.4.0/../../../../../../avr/lib/avr4/crtatmega8a.o
 .debug_str     0x0000017a      0x1dd general_twi.o
                                0x216 (size before relaxing)
 .debug_str     0x00000357      0x5af main.o
                                0x791 (size before relaxing)
 .debug_str     0x00000906       0x46 MAX5825.o
                                0x2b7 (size before relaxing)
 .debug_str     0x0000094c      0x341 midi.o
                                0x651 (size before relaxing)
 .debug_str     0x00000c8d       0x83 /usr/local/Cellar/avr-gcc@9/9.4.0/lib/avr-gcc/9/gcc/avr/9.4.0/avr4/libgcc.a(_udivmodqi4.o)
 .debug_str     0x00000d10       0x83 /usr/local/Cellar/avr-gcc@9/9.4.0/lib/avr-gcc/9/gcc/avr/9.4.0/avr4/libgcc.a(_exit.o)
 .debug_str     0x00000d10       0x83 /usr/local/Cellar/avr-gcc@9/9.4.0/lib/avr-gcc/9/gcc/avr/9.4.0/avr4/libgcc.a(_copy_data.o)
 .debug_str     0x00000d10       0x83 /usr/local/Cellar/avr-gcc@9/9.4.0/lib/avr-gcc/9/gcc/avr/9.4.0/avr4/libgcc.a(_clear_bss.o)

.debug_loc      0x00000000     0x1571
 *(.debug_loc)
 .debug_loc     0x00000000      0x44c general_twi.o
 .debug_loc     0x0000044c      0x9bb main.o
 .debug_loc     0x00000e07       0xda MAX5825.o
 .debug_loc     0x00000ee1      0x690 midi.o

.debug_macinfo
 *(.debug_macinfo)

.debug_weaknames
 *(.debug_weaknames)

.debug_funcnames
 *(.debug_funcnames)

.debug_typenames
 *(.debug_typenames)

.debug_varnames
 *(.debug_varnames)

.debug_pubtypes
 *(.debug_pubtypes)

.debug_ranges   0x00000000      0x2f8
 *(.debug_ranges)
 .debug_ranges  0x00000000      0x140 general_twi.o
 .debug_ranges  0x00000140      0x100 main.o
 .debug_ranges  0x00000240       0x28 MAX5825.o
 .debug_ranges  0x00000268       0x90 midi.o

.debug_addr
 *(.debug_addr)

.debug_line_str
 *(.debug_line_str)

.debug_loclists
 *(.debug_loclists)

.debug_macro
 *(.debug_macro)

.debug_names
 *(.debug_names)

.debug_rnglists
 *(.debug_rnglists)

.debug_str_offsets
 *(.debug_str_offsets)

.debug_sup
 *(.debug_sup)
OUTPUT(Tram8_Random.elf elf32-avr)
LOAD linker stubs
